(1/46) 7SwVHAAw5lM ~ a_carotisexterna_l ~ 10.01
(1/46) 7SwVHAAw5lM ~ a_carotisexterna_r ~ 00.84
(1/46) 7SwVHAAw5lM ~ a_vertebralis_l    ~ 01.39
(1/46) 7SwVHAAw5lM ~ a_vertebralis_r    ~ 00.91
(2/46) hkvdD_XVYqo ~ a_carotisexterna_l ~ 02.29
(2/46) hkvdD_XVYqo ~ a_carotisexterna_r ~ 03.97
(2/46) hkvdD_XVYqo ~ a_vertebralis_l    ~ 64.78
(2/46) hkvdD_XVYqo ~ a_vertebralis_r    ~ 57.40
(3/46) a9ebcF7RKU4 ~ a_carotisexterna_l ~ 03.68
(3/46) a9ebcF7RKU4 ~ a_carotisexterna_r ~ 01.83
(3/46) a9ebcF7RKU4 ~ a_vertebralis_l    ~ 03.55
(3/46) a9ebcF7RKU4 ~ a_vertebralis_r    ~ 01.89
(4/46) CSSdmYlgjew ~ a_carotisexterna_l ~ 03.96
(4/46) CSSdmYlgjew ~ a_carotisexterna_r ~ 03.63
(4/46) CSSdmYlgjew ~ a_vertebralis_l    ~ 36.09
(4/46) CSSdmYlgjew ~ a_vertebralis_r    ~ 34.43
(5/46) fEHc3cCOu-M ~ a_carotisexterna_l ~ 01.72
(5/46) fEHc3cCOu-M ~ a_carotisexterna_r ~ 01.62
(5/46) fEHc3cCOu-M ~ a_vertebralis_l    ~ 02.67
(5/46) fEHc3cCOu-M ~ a_vertebralis_r    ~ 01.59
(6/46) 3dSDmvwSjek ~ a_vertebralis_l    ~ 08.48
(6/46) 3dSDmvwSjek ~ a_vertebralis_r    ~ 01.24
(6/46) 3dSDmvwSjek ~ a_carotisexterna_r ~ 01.37
(6/46) 3dSDmvwSjek ~ a_carotisexterna_l ~ 00.90
(7/46) 7IZ0hAktN78 ~ a_carotisexterna_l ~ 02.95
(7/46) 7IZ0hAktN78 ~ a_carotisexterna_r ~ 04.12
(7/46) 7IZ0hAktN78 ~ a_vertebralis_l    ~ 02.10
(7/46) 7IZ0hAktN78 ~ a_vertebralis_r    ~ 01.16
(8/46) 87J-_CHHkzI ~ a_carotisexterna_l ~ 00.78
(8/46) 87J-_CHHkzI ~ a_carotisexterna_r ~ 01.58
(8/46) 87J-_CHHkzI ~ a_vertebralis_l    ~ 01.31
(8/46) 87J-_CHHkzI ~ a_vertebralis_r    ~ 01.63
(9/46) g-chOlbtzBQ ~ a_carotisexterna_r ~ 02.25
(9/46) g-chOlbtzBQ ~ a_carotisexterna_l ~ 07.20
(9/46) g-chOlbtzBQ ~ a_vertebralis_r    ~ 00.39
(9/46) g-chOlbtzBQ ~ a_vertebralis_l    ~ 22.61
(10/46) CD8Gu0llvgk ~ a_carotisexterna_l ~ 01.26
(10/46) CD8Gu0llvgk ~ a_carotisexterna_r ~ 01.03
(10/46) CD8Gu0llvgk ~ a_vertebralis_l    ~ 01.01
(10/46) CD8Gu0llvgk ~ a_vertebralis_r    ~ 00.95
(11/46) 96-du2ceM4o ~ a_carotisexterna_l ~ 01.05
(11/46) 96-du2ceM4o ~ a_carotisexterna_r ~ 07.39
(11/46) 96-du2ceM4o ~ a_vertebralis_l    ~ 01.05
(11/46) 96-du2ceM4o ~ a_vertebralis_r    ~ 01.62
(12/46) 6vkfAvGWUPg ~ a_vertebralis_l    ~ 01.04
(12/46) 6vkfAvGWUPg ~ a_vertebralis_r    ~ 01.33
(12/46) 6vkfAvGWUPg ~ a_carotisexterna_l ~ 01.31
(12/46) 6vkfAvGWUPg ~ a_carotisexterna_r ~ 04.54
(13/46) I307KZkh1VM ~ a_carotisexterna_l ~ 03.67
(13/46) I307KZkh1VM ~ a_carotisexterna_r ~ 02.88
(13/46) I307KZkh1VM ~ a_vertebralis_l    ~ 05.07
(13/46) I307KZkh1VM ~ a_vertebralis_r    ~ 07.24
(14/46) CCL2MqdD19g ~ a_carotisexterna_r ~ 01.47
(14/46) CCL2MqdD19g ~ a_carotisexterna_l ~ 02.58
(14/46) CCL2MqdD19g ~ a_vertebralis_l    ~ 06.55
(14/46) CCL2MqdD19g ~ a_vertebralis_r    ~ 01.88
(15/46) ccucLKGWtSQ ~ a_carotisexterna_r ~ 03.19
(15/46) ccucLKGWtSQ ~ a_carotisexterna_l ~ 00.79
(15/46) ccucLKGWtSQ ~ a_vertebralis_l    ~ 05.83
(15/46) ccucLKGWtSQ ~ a_vertebralis_r    ~ 07.38
(16/46) 1q_1_G-1EPM ~ a_vertebralis_r    ~ 27.94
(16/46) 1q_1_G-1EPM ~ a_vertebralis_l    ~ 46.41
(16/46) 1q_1_G-1EPM ~ a_carotisexterna_l ~ 03.57
(16/46) 1q_1_G-1EPM ~ a_carotisexterna_r ~ 02.12
(17/46) F-JlS0Cl1K0 ~ a_carotisexterna_l ~ 01.75
(17/46) F-JlS0Cl1K0 ~ a_carotisexterna_r ~ 00.65
(17/46) F-JlS0Cl1K0 ~ a_vertebralis_l    ~ 04.03
(17/46) F-JlS0Cl1K0 ~ a_vertebralis_r    ~ 02.53
(18/46) 6WB8wP4uAl0 ~ a_carotisexterna_l ~ 02.61
(18/46) 6WB8wP4uAl0 ~ a_carotisexterna_r ~ 00.35
(18/46) 6WB8wP4uAl0 ~ a_vertebralis_l    ~ 01.55
(18/46) 6WB8wP4uAl0 ~ a_vertebralis_r    ~ 26.51
(19/46) pP5CHNLQspI ~ a_vertebralis_l    ~ 02.46
(19/46) pP5CHNLQspI ~ a_vertebralis_r    ~ 00.97
(19/46) pP5CHNLQspI ~ a_carotisexterna_l ~ 00.54
(19/46) pP5CHNLQspI ~ a_carotisexterna_r ~ 00.67
(20/46) 7sp2FiVa4WI ~ a_carotisexterna_r ~ 03.65
(20/46) 7sp2FiVa4WI ~ a_carotisexterna_l ~ 01.54
(20/46) 7sp2FiVa4WI ~ a_vertebralis_l    ~ 46.97
(20/46) 7sp2FiVa4WI ~ a_vertebralis_r    ~ 29.75
(21/46) hmJfXqxVMk0 ~ a_carotisexterna_l ~ 01.44
(21/46) hmJfXqxVMk0 ~ a_carotisexterna_r ~ 02.48
(21/46) hmJfXqxVMk0 ~ a_vertebralis_l    ~ 13.33
(21/46) hmJfXqxVMk0 ~ a_vertebralis_r    ~ 14.68
(22/46) 820_BQlC1tI ~ a_carotisexterna_r ~ 02.22
(22/46) 820_BQlC1tI ~ a_carotisexterna_l ~ 02.13
(22/46) 820_BQlC1tI ~ a_vertebralis_l    ~ 02.54
(22/46) 820_BQlC1tI ~ a_vertebralis_r    ~ 01.22
(23/46) XKgRKTaLeEo ~ a_carotisexterna_r ~ 07.69
(23/46) XKgRKTaLeEo ~ a_carotisexterna_l ~ 03.78
(23/46) XKgRKTaLeEo ~ a_vertebralis_l    ~ 00.90
(23/46) XKgRKTaLeEo ~ a_vertebralis_r    ~ 02.74
(24/46) SzZUcvM5JpU ~ a_carotisexterna_r ~ 00.68
(24/46) SzZUcvM5JpU ~ a_carotisexterna_l ~ 02.61
(24/46) SzZUcvM5JpU ~ a_vertebralis_r    ~ 05.49
(24/46) SzZUcvM5JpU ~ a_vertebralis_l    ~ 10.14
(25/46) urqkluKweXA ~ a_carotisexterna_l ~ 01.42
(25/46) urqkluKweXA ~ a_carotisexterna_r ~ 01.79
(25/46) urqkluKweXA ~ a_vertebralis_l    ~ 06.36
(25/46) urqkluKweXA ~ a_vertebralis_r    ~ 00.87
(26/46) Of-K39ULY0Q ~ a_carotisexterna_l ~ 01.38
(26/46) Of-K39ULY0Q ~ a_carotisexterna_r ~ 01.92
(26/46) Of-K39ULY0Q ~ a_vertebralis_l    ~ 02.10
(26/46) Of-K39ULY0Q ~ a_vertebralis_r    ~ 02.06
(27/46) aBQe2EfmXv8 ~ a_carotisexterna_l ~ 02.01
(27/46) aBQe2EfmXv8 ~ a_carotisexterna_r ~ 00.11
(27/46) aBQe2EfmXv8 ~ a_vertebralis_l    ~ 05.30
(27/46) aBQe2EfmXv8 ~ a_vertebralis_r    ~ 05.41
(28/46) TMxGak0IQOg ~ a_vertebralis_r    ~ 05.91
(28/46) TMxGak0IQOg ~ a_vertebralis_l    ~ 01.88
(28/46) TMxGak0IQOg ~ a_carotisexterna_r ~ 00.25
(28/46) TMxGak0IQOg ~ a_carotisexterna_l ~ 03.68
(29/46) WeMcC01ZNgY ~ a_carotisexterna_l ~ 01.18
(29/46) WeMcC01ZNgY ~ a_carotisexterna_r ~ 02.13
(29/46) WeMcC01ZNgY ~ a_vertebralis_l    ~ 23.68
(29/46) WeMcC01ZNgY ~ a_vertebralis_r    ~ 01.07
(30/46) eiJvX7Bw25o ~ a_carotisexterna_l ~ 01.37
(30/46) eiJvX7Bw25o ~ a_carotisexterna_r ~ 00.55
(30/46) eiJvX7Bw25o ~ a_vertebralis_l    ~ 18.38
(30/46) eiJvX7Bw25o ~ a_vertebralis_r    ~ 17.82
(31/46) yYcNJD5knnY ~ a_carotisexterna_l ~ 02.17
(31/46) yYcNJD5knnY ~ a_carotisexterna_r ~ 01.66
(31/46) yYcNJD5knnY ~ a_vertebralis_l    ~ 02.75
(31/46) yYcNJD5knnY ~ a_vertebralis_r    ~ 02.18
(32/46) 2pO8AtRxHAg ~ a_carotisexterna_l ~ 01.69
(32/46) 2pO8AtRxHAg ~ a_carotisexterna_r ~ 01.68
(32/46) 2pO8AtRxHAg ~ a_vertebralis_l    ~ 02.71
(32/46) 2pO8AtRxHAg ~ a_vertebralis_r    ~ 07.67
(33/46) VUIaoA1iqhI ~ a_vertebralis_l    ~ 03.36
(33/46) VUIaoA1iqhI ~ a_vertebralis_r    ~ 02.15
(33/46) VUIaoA1iqhI ~ a_carotisexterna_l ~ 01.77
(33/46) VUIaoA1iqhI ~ a_carotisexterna_r ~ 02.06
(34/46) 2w1vVKUCbcg ~ a_carotisexterna_l ~ 05.39
(34/46) 2w1vVKUCbcg ~ a_carotisexterna_r ~ 00.81
(34/46) 2w1vVKUCbcg ~ a_vertebralis_l    ~ 04.65
(34/46) 2w1vVKUCbcg ~ a_vertebralis_r    ~ 01.26
(35/46) 0f9SYhwcPFc ~ a_carotisexterna_l ~ 15.68
(35/46) 0f9SYhwcPFc ~ a_carotisexterna_r ~ 03.86
(35/46) 0f9SYhwcPFc ~ a_vertebralis_r    ~ 03.19
(35/46) 0f9SYhwcPFc ~ a_vertebralis_l    ~ 12.39
(36/46) TwU508CCA9Y ~ a_carotisexterna_l ~ 00.95
(36/46) TwU508CCA9Y ~ a_carotisexterna_r ~ 01.09
(36/46) TwU508CCA9Y ~ a_vertebralis_l    ~ 01.89
(36/46) TwU508CCA9Y ~ a_vertebralis_r    ~ 01.11
(37/46) calibration_4_end_0e5fp8GltvE ~ a_carotisexterna_r ~ 02.78
(37/46) calibration_4_end_0e5fp8GltvE ~ a_carotisexterna_l ~ 00.68
(37/46) calibration_4_end_0e5fp8GltvE ~ a_vertebralis_l    ~ 02.90
(37/46) calibration_4_end_0e5fp8GltvE ~ a_vertebralis_r    ~ 01.53
(38/46) calibration_3_2VO-i_onOGw ~ a_carotisexterna_l ~ 02.14
(38/46) calibration_3_2VO-i_onOGw ~ a_carotisexterna_r ~ 01.07
(38/46) calibration_3_2VO-i_onOGw ~ a_vertebralis_l    ~ 01.16
(38/46) calibration_3_2VO-i_onOGw ~ a_vertebralis_r    ~ 00.75
(39/46) calibration_1_start_0e5fp8GltvE ~ a_carotisexterna_r ~ 02.78
(39/46) calibration_1_start_0e5fp8GltvE ~ a_carotisexterna_l ~ 00.68
(39/46) calibration_1_start_0e5fp8GltvE ~ a_vertebralis_l    ~ 02.90
(39/46) calibration_1_start_0e5fp8GltvE ~ a_vertebralis_r    ~ 01.53
(40/46) calibration_2_LB9oATPd0mE ~ a_carotisexterna_l ~ 00.58
(40/46) calibration_2_LB9oATPd0mE ~ a_carotisexterna_r ~ 00.86
(40/46) calibration_2_LB9oATPd0mE ~ a_vertebralis_l    ~ 02.53
(40/46) calibration_2_LB9oATPd0mE ~ a_vertebralis_r    ~ 02.54
(41/46) training_3_nonlinear ~ a_carotisexterna_l ~ 01.04
(41/46) training_3_nonlinear ~ a_carotisexterna_r ~ 01.40
(41/46) training_3_nonlinear ~ a_vertebralis_r    ~ 01.02
(41/46) training_3_nonlinear ~ a_vertebralis_l    ~ 08.14
(42/46) training_6_YPEbc0OFC8I ~ a_carotisexterna_l ~ 01.14
(42/46) training_6_YPEbc0OFC8I ~ a_carotisexterna_r ~ 01.70
(42/46) training_6_YPEbc0OFC8I ~ a_vertebralis_l    ~ 00.46
(42/46) training_6_YPEbc0OFC8I ~ a_vertebralis_r    ~ 00.87
couldn't evaluate training_2_rotation
couldn't evaluate training_1_none
(45/46) training_4_yIt7Z7VHXU0 ~ a_carotisexterna_l ~ 01.04
(45/46) training_4_yIt7Z7VHXU0 ~ a_carotisexterna_r ~ 01.40
(45/46) training_4_yIt7Z7VHXU0 ~ a_vertebralis_r    ~ 01.02
(45/46) training_4_yIt7Z7VHXU0 ~ a_vertebralis_l    ~ 08.14
(46/46) training_5_Fw2lRBfYxtM ~ a_carotisexterna_l ~ 05.59
(46/46) training_5_Fw2lRBfYxtM ~ a_carotisexterna_r ~ 06.93
(46/46) training_5_Fw2lRBfYxtM ~ a_vertebralis_l    ~ 00.56
(46/46) training_5_Fw2lRBfYxtM ~ a_vertebralis_r    ~ 03.17
